###########################################################
####               ICTC Regression Report              ####
###########################################################
Total testcase run: 245
Passed            : 245
Failed            : 0
Unknown           : 0
Used time         : 24m 17s
-----------------------------------------------------------
Run log detail:
log/uart_115200_FULL_test_110932.log: => Passed
log/uart_115200_FULL_test_860107.log: => Passed
log/uart_115200_FULL_test_860973.log: => Passed
log/uart_115200_FULL_test_881312.log: => Passed
log/uart_115200_FULL_test_908721.log: => Passed
log/uart_115200_RXTX_test_225480.log: => Passed
log/uart_115200_RXTX_test_356758.log: => Passed
log/uart_115200_RXTX_test_506416.log: => Passed
log/uart_115200_RXTX_test_841081.log: => Passed
log/uart_115200_RXTX_test_842779.log: => Passed
log/uart_115200_TXRX_test_130660.log: => Passed
log/uart_115200_TXRX_test_238342.log: => Passed
log/uart_115200_TXRX_test_613630.log: => Passed
log/uart_115200_TXRX_test_672778.log: => Passed
log/uart_115200_TXRX_test_875529.log: => Passed
log/uart_19200_FULL_test_204367.log: => Passed
log/uart_19200_FULL_test_358116.log: => Passed
log/uart_19200_FULL_test_368033.log: => Passed
log/uart_19200_FULL_test_593984.log: => Passed
log/uart_19200_FULL_test_718133.log: => Passed
log/uart_19200_RXTX_test_149033.log: => Passed
log/uart_19200_RXTX_test_176445.log: => Passed
log/uart_19200_RXTX_test_468634.log: => Passed
log/uart_19200_RXTX_test_597297.log: => Passed
log/uart_19200_RXTX_test_998015.log: => Passed
log/uart_19200_TXRX_test_105721.log: => Passed
log/uart_19200_TXRX_test_116222.log: => Passed
log/uart_19200_TXRX_test_418995.log: => Passed
log/uart_19200_TXRX_test_488081.log: => Passed
log/uart_19200_TXRX_test_765073.log: => Passed
log/uart_1stopbit_FULL_test_136622.log: => Passed
log/uart_1stopbit_FULL_test_298790.log: => Passed
log/uart_1stopbit_FULL_test_566640.log: => Passed
log/uart_1stopbit_FULL_test_582528.log: => Passed
log/uart_1stopbit_FULL_test_693268.log: => Passed
log/uart_1stopbit_RXTX_test_133798.log: => Passed
log/uart_1stopbit_RXTX_test_218727.log: => Passed
log/uart_1stopbit_RXTX_test_553802.log: => Passed
log/uart_1stopbit_RXTX_test_754611.log: => Passed
log/uart_1stopbit_RXTX_test_933369.log: => Passed
log/uart_1stopbit_TXRX_test_101612.log: => Passed
log/uart_1stopbit_TXRX_test_222212.log: => Passed
log/uart_1stopbit_TXRX_test_305874.log: => Passed
log/uart_1stopbit_TXRX_test_737623.log: => Passed
log/uart_1stopbit_TXRX_test_963602.log: => Passed
log/uart_2stopbit_FULL_test_128877.log: => Passed
log/uart_2stopbit_FULL_test_224029.log: => Passed
log/uart_2stopbit_FULL_test_632590.log: => Passed
log/uart_2stopbit_FULL_test_757555.log: => Passed
log/uart_2stopbit_FULL_test_998593.log: => Passed
log/uart_2stopbit_RXTX_test_108360.log: => Passed
log/uart_2stopbit_RXTX_test_323619.log: => Passed
log/uart_2stopbit_RXTX_test_420297.log: => Passed
log/uart_2stopbit_RXTX_test_458110.log: => Passed
log/uart_2stopbit_RXTX_test_536357.log: => Passed
log/uart_2stopbit_TXRX_test_119940.log: => Passed
log/uart_2stopbit_TXRX_test_173372.log: => Passed
log/uart_2stopbit_TXRX_test_478216.log: => Passed
log/uart_2stopbit_TXRX_test_687708.log: => Passed
log/uart_2stopbit_TXRX_test_785320.log: => Passed
log/uart_4800_FULL_test_188438.log: => Passed
log/uart_4800_FULL_test_390209.log: => Passed
log/uart_4800_FULL_test_798275.log: => Passed
log/uart_4800_FULL_test_962718.log: => Passed
log/uart_4800_FULL_test_979727.log: => Passed
log/uart_4800_RXTX_test_100101.log: => Passed
log/uart_4800_RXTX_test_109679.log: => Passed
log/uart_4800_RXTX_test_422164.log: => Passed
log/uart_4800_RXTX_test_615533.log: => Passed
log/uart_4800_RXTX_test_648267.log: => Passed
log/uart_4800_TXRX_test_404604.log: => Passed
log/uart_4800_TXRX_test_527257.log: => Passed
log/uart_4800_TXRX_test_655702.log: => Passed
log/uart_4800_TXRX_test_713319.log: => Passed
log/uart_4800_TXRX_test_911281.log: => Passed
log/uart_57600_FULL_test_398400.log: => Passed
log/uart_57600_FULL_test_460031.log: => Passed
log/uart_57600_FULL_test_479950.log: => Passed
log/uart_57600_FULL_test_717114.log: => Passed
log/uart_57600_FULL_test_780647.log: => Passed
log/uart_57600_RXTX_test_327850.log: => Passed
log/uart_57600_RXTX_test_666452.log: => Passed
log/uart_57600_RXTX_test_865925.log: => Passed
log/uart_57600_RXTX_test_968613.log: => Passed
log/uart_57600_RXTX_test_980645.log: => Passed
log/uart_57600_TXRX_test_316368.log: => Passed
log/uart_57600_TXRX_test_528112.log: => Passed
log/uart_57600_TXRX_test_606266.log: => Passed
log/uart_57600_TXRX_test_942879.log: => Passed
log/uart_57600_TXRX_test_947024.log: => Passed
log/uart_5bitdata_FULL_test_147844.log: => Passed
log/uart_5bitdata_FULL_test_257272.log: => Passed
log/uart_5bitdata_FULL_test_522915.log: => Passed
log/uart_5bitdata_FULL_test_664089.log: => Passed
log/uart_5bitdata_FULL_test_993229.log: => Passed
log/uart_5bitdata_RXTX_test_246897.log: => Passed
log/uart_5bitdata_RXTX_test_314194.log: => Passed
log/uart_5bitdata_RXTX_test_490398.log: => Passed
log/uart_5bitdata_RXTX_test_781344.log: => Passed
log/uart_5bitdata_RXTX_test_818176.log: => Passed
log/uart_5bitdata_TXRX_test_384965.log: => Passed
log/uart_5bitdata_TXRX_test_388766.log: => Passed
log/uart_5bitdata_TXRX_test_704002.log: => Passed
log/uart_5bitdata_TXRX_test_711976.log: => Passed
log/uart_5bitdata_TXRX_test_873713.log: => Passed
log/uart_6bitdata_FULL_test_353050.log: => Passed
log/uart_6bitdata_FULL_test_376766.log: => Passed
log/uart_6bitdata_FULL_test_461132.log: => Passed
log/uart_6bitdata_FULL_test_706871.log: => Passed
log/uart_6bitdata_FULL_test_723913.log: => Passed
log/uart_6bitdata_RXTX_test_489842.log: => Passed
log/uart_6bitdata_RXTX_test_598378.log: => Passed
log/uart_6bitdata_RXTX_test_768318.log: => Passed
log/uart_6bitdata_RXTX_test_818563.log: => Passed
log/uart_6bitdata_RXTX_test_887501.log: => Passed
log/uart_6bitdata_TXRX_test_185958.log: => Passed
log/uart_6bitdata_TXRX_test_239149.log: => Passed
log/uart_6bitdata_TXRX_test_376486.log: => Passed
log/uart_6bitdata_TXRX_test_934404.log: => Passed
log/uart_6bitdata_TXRX_test_978138.log: => Passed
log/uart_7bitdata_FULL_test_280107.log: => Passed
log/uart_7bitdata_FULL_test_360780.log: => Passed
log/uart_7bitdata_FULL_test_406481.log: => Passed
log/uart_7bitdata_FULL_test_882839.log: => Passed
log/uart_7bitdata_FULL_test_946325.log: => Passed
log/uart_7bitdata_RXTX_test_103676.log: => Passed
log/uart_7bitdata_RXTX_test_186208.log: => Passed
log/uart_7bitdata_RXTX_test_208076.log: => Passed
log/uart_7bitdata_RXTX_test_684897.log: => Passed
log/uart_7bitdata_RXTX_test_733294.log: => Passed
log/uart_7bitdata_TXRX_test_326143.log: => Passed
log/uart_7bitdata_TXRX_test_387207.log: => Passed
log/uart_7bitdata_TXRX_test_673380.log: => Passed
log/uart_7bitdata_TXRX_test_712329.log: => Passed
log/uart_7bitdata_TXRX_test_943587.log: => Passed
log/uart_8bitdata_FULL_test_161057.log: => Passed
log/uart_8bitdata_FULL_test_251288.log: => Passed
log/uart_8bitdata_FULL_test_408809.log: => Passed
log/uart_8bitdata_FULL_test_534124.log: => Passed
log/uart_8bitdata_FULL_test_938726.log: => Passed
log/uart_8bitdata_RXTX_test_192013.log: => Passed
log/uart_8bitdata_RXTX_test_271503.log: => Passed
log/uart_8bitdata_RXTX_test_514269.log: => Passed
log/uart_8bitdata_RXTX_test_612596.log: => Passed
log/uart_8bitdata_RXTX_test_669167.log: => Passed
log/uart_8bitdata_TXRX_test_148565.log: => Passed
log/uart_8bitdata_TXRX_test_251215.log: => Passed
log/uart_8bitdata_TXRX_test_576329.log: => Passed
log/uart_8bitdata_TXRX_test_588725.log: => Passed
log/uart_8bitdata_TXRX_test_834656.log: => Passed
log/uart_9600_FULL_test_118043.log: => Passed
log/uart_9600_FULL_test_314654.log: => Passed
log/uart_9600_FULL_test_452056.log: => Passed
log/uart_9600_FULL_test_775076.log: => Passed
log/uart_9600_FULL_test_777999.log: => Passed
log/uart_9600_RXTX_test_346514.log: => Passed
log/uart_9600_RXTX_test_352815.log: => Passed
log/uart_9600_RXTX_test_479893.log: => Passed
log/uart_9600_RXTX_test_889366.log: => Passed
log/uart_9600_RXTX_test_952594.log: => Passed
log/uart_9600_TXRX_test_121803.log: => Passed
log/uart_9600_TXRX_test_542765.log: => Passed
log/uart_9600_TXRX_test_718131.log: => Passed
log/uart_9600_TXRX_test_750104.log: => Passed
log/uart_9600_TXRX_test_852173.log: => Passed
log/uart_9bitdata_FULL_test_119310.log: => Passed
log/uart_9bitdata_FULL_test_164417.log: => Passed
log/uart_9bitdata_FULL_test_257339.log: => Passed
log/uart_9bitdata_FULL_test_459384.log: => Passed
log/uart_9bitdata_FULL_test_681893.log: => Passed
log/uart_9bitdata_RXTX_test_385631.log: => Passed
log/uart_9bitdata_RXTX_test_391600.log: => Passed
log/uart_9bitdata_RXTX_test_439532.log: => Passed
log/uart_9bitdata_RXTX_test_535346.log: => Passed
log/uart_9bitdata_RXTX_test_571276.log: => Passed
log/uart_9bitdata_TXRX_test_134076.log: => Passed
log/uart_9bitdata_TXRX_test_165267.log: => Passed
log/uart_9bitdata_TXRX_test_178454.log: => Passed
log/uart_9bitdata_TXRX_test_265561.log: => Passed
log/uart_9bitdata_TXRX_test_281240.log: => Passed
log/uart_EVEN_FULL_test_254109.log: => Passed
log/uart_EVEN_FULL_test_378428.log: => Passed
log/uart_EVEN_FULL_test_516918.log: => Passed
log/uart_EVEN_FULL_test_712745.log: => Passed
log/uart_EVEN_FULL_test_894049.log: => Passed
log/uart_EVEN_RXTX_test_116823.log: => Passed
log/uart_EVEN_RXTX_test_139741.log: => Passed
log/uart_EVEN_RXTX_test_152883.log: => Passed
log/uart_EVEN_RXTX_test_456740.log: => Passed
log/uart_EVEN_RXTX_test_948482.log: => Passed
log/uart_EVEN_TXRX_test_143545.log: => Passed
log/uart_EVEN_TXRX_test_150193.log: => Passed
log/uart_EVEN_TXRX_test_280040.log: => Passed
log/uart_EVEN_TXRX_test_633015.log: => Passed
log/uart_EVEN_TXRX_test_908778.log: => Passed
log/uart_ODD_FULL_test_141330.log: => Passed
log/uart_ODD_FULL_test_435846.log: => Passed
log/uart_ODD_FULL_test_460297.log: => Passed
log/uart_ODD_FULL_test_648092.log: => Passed
log/uart_ODD_FULL_test_746291.log: => Passed
log/uart_ODD_RXTX_test_237844.log: => Passed
log/uart_ODD_RXTX_test_339610.log: => Passed
log/uart_ODD_RXTX_test_422032.log: => Passed
log/uart_ODD_RXTX_test_660068.log: => Passed
log/uart_ODD_RXTX_test_922632.log: => Passed
log/uart_ODD_TXRX_test_188804.log: => Passed
log/uart_ODD_TXRX_test_213490.log: => Passed
log/uart_ODD_TXRX_test_286058.log: => Passed
log/uart_ODD_TXRX_test_383484.log: => Passed
log/uart_ODD_TXRX_test_893729.log: => Passed
log/uart_baudrate_mismatch_test_188836.log: => Passed
log/uart_baudrate_mismatch_test_336645.log: => Passed
log/uart_baudrate_mismatch_test_698865.log: => Passed
log/uart_baudrate_mismatch_test_806360.log: => Passed
log/uart_baudrate_mismatch_test_813744.log: => Passed
log/uart_custom_FULL_test_217259.log: => Passed
log/uart_custom_FULL_test_486120.log: => Passed
log/uart_custom_FULL_test_539394.log: => Passed
log/uart_custom_FULL_test_637973.log: => Passed
log/uart_custom_FULL_test_966905.log: => Passed
log/uart_custom_RXTX_test_203199.log: => Passed
log/uart_custom_RXTX_test_595302.log: => Passed
log/uart_custom_RXTX_test_672045.log: => Passed
log/uart_custom_RXTX_test_679722.log: => Passed
log/uart_custom_RXTX_test_748882.log: => Passed
log/uart_custom_TXRX_test_277641.log: => Passed
log/uart_custom_TXRX_test_309243.log: => Passed
log/uart_custom_TXRX_test_501151.log: => Passed
log/uart_custom_TXRX_test_587197.log: => Passed
log/uart_custom_TXRX_test_942163.log: => Passed
log/uart_datawidth_mismatch_test_161214.log: => Passed
log/uart_datawidth_mismatch_test_561512.log: => Passed
log/uart_datawidth_mismatch_test_606747.log: => Passed
log/uart_datawidth_mismatch_test_654432.log: => Passed
log/uart_datawidth_mismatch_test_748932.log: => Passed
log/uart_parity_mismatch_test_809852.log: => Passed
log/uart_parity_mismatch_test_855595.log: => Passed
log/uart_parity_mismatch_test_860821.log: => Passed
log/uart_parity_mismatch_test_866829.log: => Passed
log/uart_parity_mismatch_test_929684.log: => Passed
log/uart_stopwidth_mismatch_test_329461.log: => Passed
log/uart_stopwidth_mismatch_test_484083.log: => Passed
log/uart_stopwidth_mismatch_test_500280.log: => Passed
log/uart_stopwidth_mismatch_test_608390.log: => Passed
log/uart_stopwidth_mismatch_test_828032.log: => Passed
-----------------------------------------------------------
